listado página 1: 140 enlaces, 35 nuevos
listado página 2: 140 enlaces, 35 nuevos
listado página 3: 140 enlaces, 35 nuevos
listado página 4: 140 enlaces, 35 nuevos
listado página 5: 140 enlaces, 35 nuevos
listado página 6: 108 enlaces, 27 nuevos
listado página 7: 0 enlaces, 0 nuevos
categoría Baño: 42 productos
categoría Cocina: 47 productos
categoría Combos: 0 productos
categoría Electrodomésticos: 3 productos
categoría Ferretería: 5 productos
categoría Habitación: 82 productos
categoría Higiene & Cuidado Personal: 19 productos
categoría Llega en menos de 48 horas: 0 productos
categoría OFERTA: 0 productos
categoría Otros: 41 productos
categoría Sala: 44 productos
producto 1/202: Aceite capilar de batana HOEGOA · simple · qty 0
producto 2/202: Albornoz (talla L) azul · simple · qty 1
producto 3/202: Albornoz (talla L) beige oscuro · simple · qty 1
producto 4/202: Alfombra Bienvenido 45x75 cm · variable · azul 1, negro 2, gris 1, carmelita 1, rojo-vino 2, gris-oscuro 1, beige-oscuro 0, carmelita-oscuro 2
producto 5/202: Alfombra Circular Decorativa – 180 cm · simple · qty 1
producto 6/202: Alfombra de chenilla · variable · rosado 1
producto 7/202: Alfombra de Sala estilo Persa · simple · qty 4
producto 8/202: Alfombra peluche 50x80 cm · variable · carmelita 2, beige 2, rosado 1
producto 9/202: Alfombra rombo 40x60 cm · variable · rosado 0, arena 2
producto 10/202: Asiento de Inodoro · simple · qty 1
producto 11/202: Balsamo facial de miel hidratante · simple · qty 2
producto 12/202: Bata de baño · variable · verde 3, azul 4, gris 1, arena 2
producto 13/202: Bolas Navideñas rosado metálico · simple · qty 1
producto 14/202: Cable de carga multifuncional · simple · qty 5
producto 15/202: Cable fotovoltaico rojo · simple · qty 2
producto 16/202: Capas de moto (talla L) · simple · qty 45
producto 17/202: Carretón negro · simple · qty 3
producto 18/202: Carrito de Mandado Plegable Azul oscuro · simple · qty 1
producto 19/202: Aceite corporal · simple · qty 1
producto 20/202: Albornoz (talla L) beige · simple · qty 1
producto 21/202: Alfombra antirresbalante · variable · azul 1, beige 0
producto 22/202: Alfombra Circular Decorativa – 180 cm · simple · qty 1
producto 23/202: Alfombra con piecitos · variable · rojo 2, azul 2, gris 2, gris-oscuro 1, carmelita-oscuro 2
producto 24/202: Alfombra de entrada 40x60 cm · variable · verde 1, azul-marino 1
producto 25/202: Alfombra peluche 40x60 cm · variable · carmelita 0, beige 1, rosado 2
producto 26/202: Alfombra peluche 50x80 cm · simple · qty 2
producto 27/202: Árbol de navidad (1,50 m) · simple · qty 20
producto 28/202: Azulejo INCEFRA · simple · qty sin dato
producto 29/202: Base para electrodomésticos · simple · qty 12
producto 30/202: Bolas Navideñas blanco verde rojo · simple · qty 2
producto 31/202: Bucaro blanco · simple · qty 1
producto 32/202: Cable fotovoltaico negro · simple · qty 2
producto 33/202: Cama plegable portátil · simple · qty 10
producto 34/202: Cápsulas para el cabello con vitamina A,C y E · simple · qty 4
producto 35/202: Carrito de Mandado Plegable Azul · simple · qty 1
producto 36/202: Cepillos alisadores recargables · simple · qty 4
producto 37/202: Cesto de 12L · simple · qty 9
producto 38/202: Cesto de 12L · simple · qty 8
producto 39/202: Cesto de pedal negro (15 litros) · simple · qty 3
producto 40/202: Cintas de luces bluetooth con RGB (5m) · simple · qty 4
producto 41/202: Cojin decorativo · variable · rojo 1, verde 1, carmelita 1
producto 42/202: Cojin decorativo · simple · qty 10
producto 43/202: Colcha navideña 180x220 · variable · rojo 1, azul 0
producto 44/202: Colchón - EDSM A - Camero · simple · qty sin dato
producto 45/202: Colchón - EDSM A - Queen · simple · qty sin dato
producto 46/202: Colchón 3/4 + Almohada - EDSM A · simple · qty sin dato
producto 47/202: Colchón de resorte 180x200cm Dawang · simple · qty 1
producto 48/202: Colchón Queen + Almohada - EDSM A · simple · qty sin dato
producto 49/202: Compresor portátil modelo 1 · simple · qty 3
producto 50/202: Corral de bebé 11494 · simple · qty 1
producto 51/202: Cortina roller enrollable 100X160 · simple · qty 10
producto 52/202: Cortina roller enrollable 160X280 · simple · qty 4
producto 53/202: Cortinero decorativo espiral · variable · negro 0, dorado 0, plateado 0
producto 54/202: Cesta tipo mimbre rectangular · simple · qty 1
producto 55/202: Cesto de 12L · simple · qty 1
producto 56/202: Cesto de basura encimera · simple · qty 4
producto 57/202: Cesto de pedal negro (7 litros) · simple · qty 0
producto 58/202: Cocina de Gas 2 quemadores · simple · qty 1
producto 59/202: Cojín decorativo · variable · rojo 4, gris 8, carmelita 0, beige 6, amarillo 5
producto 60/202: Cojin forma de flor · variable · verde 0, morado 0, naranja 1
producto 61/202: Colchón - EDSM A - 3/4 · simple · qty sin dato
producto 62/202: Colchón - EDSM A - King · simple · qty sin dato
producto 63/202: Colchón 180x200cm Dawang + 2 almohadas hoteleras · simple · qty 1
producto 64/202: Colchón Camero + Almohada - EDSM A · simple · qty sin dato
producto 65/202: Colchón King + Almohada - EDSM A · simple · qty sin dato
producto 66/202: Colgador de ropa · simple · qty 2
producto 67/202: Corral cuna de bebé · simple · qty 1
producto 68/202: Cortina de baño 180x180 cm · variable · rojo 2, dorado 0
producto 69/202: Cortina roller enrollable 140X280 · simple · qty 4
producto 70/202: Cortina roller enrollable 172X280 · simple · qty 12
producto 71/202: Cortinero decorativo ovalado · variable · negro 0, dorado 0, plateado 3
producto 72/202: Cortinero Expandible plateado · simple · qty 4
producto 73/202: Crema HOYGY vit.C curcuma y 5% hialuronico · simple · qty 1
producto 74/202: Depiladora portatil de cejas · simple · qty 2
producto 75/202: Doyle matizado 6 piezas 45x30 cm · variable · azul 1, gris 0, beige 1, naranja 1
producto 76/202: Edredón con juego de sabana (camero) · variable · azul 1, gris 1, rosado 1, blanco 1
producto 77/202: Edulcorante · simple · qty 3
producto 78/202: Escritorio de oficina · simple · qty 2
producto 79/202: Espejo Led 60X80 CM · simple · qty 7
producto 80/202: Estante esquinero para baño · simple · qty 1
producto 81/202: Faja reductora (talla L) · simple · qty 2
producto 82/202: Farol solar · simple · qty 40
producto 83/202: Fundas (2) blancas de almohadas · simple · qty 2
producto 84/202: Grifo para fregadero doble GP 1311 · simple · qty 0
producto 85/202: Juego de cortina tapa sol Royale con diseño · variable · bw-1 3, bw-2 3
producto 86/202: Juego de sabanas Camera Majestic imperial · variable · verde 2, azul 2, gris 2, beige 3, rosado 1, blanco 0, azul-claro 2, azul-marino 0, verde-azul 2, gris-oscuro 2, beige-oscuro 2
producto 87/202: Juego de Sábanas Majestic King · variable · verde 2, azul 2, beige 1, rosado 2, blanco 0, azul-claro 2, verde-azul 1, gris-oscuro 1
producto 88/202: Kit de skincare 3 piezas aloe vera · simple · qty 2
producto 89/202: Cortinero decorativo redondo · variable · negro 0, dorado 0, plateado 0
producto 90/202: Crema facial arcilla, vit. C y curcuma · simple · qty 2
producto 91/202: Crema protectora para cabello luminoliss · simple · qty 8
producto 92/202: Doyle Elegante Rectangular (6 piezas) · variable · azul 4, beige 0, blanco 0, azul-marino 0
producto 93/202: Doyle Metalizado 45x30 cm · variable · rosado 2, dorado 1, plateado 1
producto 94/202: Edredón con juego de sabana (queen) · variable · azul 0, rosado 0, blanco 1
producto 95/202: Escamadora de pescado · simple · qty 1
producto 96/202: Espejo Led 50X70 CM · simple · qty 6
producto 97/202: Espumadera · simple · qty 4
producto 98/202: Estante Organizador · simple · qty 3
producto 99/202: Faja reductora (talla S) · simple · qty 1
producto 100/202: Forro para 6 sillas + mesa rectangular · variable · carmelita 1, beige 1
producto 101/202: Fundas Majestic Imperial · variable · azul 3, negro 5, gris 3, beige 5, rosado 4, blanco 5
producto 102/202: Juego de cortina tapa sol Royale · variable · verde 3, negro 0, gris 3, carmelita 0, beige 0, blanco 7
producto 103/202: Juego de ollas · simple · qty 2
producto 104/202: Juego de Sábanas Majestic Imperial – TWIN · variable · azul 2, gris 4, beige 0, azul-marino 0, verde-azul 0, gris-oscuro 2, beige-oscuro 0, rosado-claro 0, verde-claro 1
producto 105/202: Juego de sabanas Queen Majestic imperial · variable · azul 1, beige 2, blanco 0, beige-oscuro 2, arena 2
producto 106/202: Kit de skincare 3 piezas antimanchas · simple · qty 2
producto 107/202: Lámparas recargables con panel solar · simple · qty 3
producto 108/202: Maceta con suculenta · variable · verde 1, morado 1, rosado 1, turquesa-oscuro 1, verde-menta 1, naranja 1
producto 109/202: Manta 180X220 cm (estampada) · variable · gris 1, rosado 1, rosa-palo 1, gris-oscuro 2, rosado-claro 1
producto 110/202: Mantel circular · variable · verde 2, naranja 2
producto 111/202: Máquinas de pelar recargable · simple · qty 5
producto 112/202: Masajeador facial y cuello · simple · qty 4
producto 113/202: Mochila M- 1 · simple · qty 1
producto 114/202: MOCHILA M-10 · simple · qty 2
producto 115/202: MOCHILA M-14 · simple · qty 1
producto 116/202: MOCHILA M-2 · simple · qty 1
producto 117/202: MOCHILA M-4 · simple · qty 1
producto 118/202: MOCHILA M-6 · simple · qty 1
producto 119/202: Olla con tapa · simple · qty 1
producto 120/202: Organizador de 2 niveles · simple · qty 1
producto 121/202: Organizador de Baño negro · simple · qty 4
producto 122/202: Paragua infantil (55cm) · simple · qty 6
producto 123/202: Paragua inverso estampado 8 varillas · variable · azul 0, negro 2, morado 0, rosado 2
producto 124/202: Kit de skincare 3 piezas vitamina C · simple · qty 1
producto 125/202: Licuadora MLD 999 · simple · qty 1
producto 126/202: Manta 180x200 cm (lisa) · variable · rojo 0, azul 1, negro 1, gris 1, carmelita 1, salmon 1
producto 127/202: Manta 240X260 cm (lisa) · variable · rojo 1, azul 1, negro 0, morado 0, amarillo 1, azul-marino 0
producto 128/202: Mantel cuadrado · variable · verde 1, amarillo 0, naranja 1
producto 129/202: Masajeador corporal · simple · qty 1
producto 130/202: MOCHILA ESTILO BOLSITA · simple · qty 1
producto 131/202: Mochila M- 8 · simple · qty 1
producto 132/202: Mochila M-12 · simple · qty 0
producto 133/202: MOCHILA M-15 · simple · qty 2
producto 134/202: MOCHILA M-3 · simple · qty 1
producto 135/202: MOCHILA M-5 · simple · qty 1
producto 136/202: Mochila M-9 · simple · qty 1
producto 137/202: Organizador Colgante de Tela – 5 Niveles · simple · qty 1
producto 138/202: Organizador de Baño blanco · simple · qty 2
producto 139/202: Panel Solar Bifacial SKYMAX 620W N-TOPCon · simple · qty 5
producto 140/202: Paragua inverso 8 varillas · variable · verde 3, azul 3, rosado 1, rosado-claro 2
producto 141/202: Percha Doble con Zapatera 150x110x40cm · simple · qty 9
producto 142/202: Pesa electrónica corporal · simple · qty 5
producto 143/202: Power bank con panel solar · simple · qty 3
producto 144/202: Protector de colchón Queen · simple · qty 3
producto 145/202: Puerta de corredera (gris) · simple · qty 6
producto 146/202: Ramo de girasoles · simple · qty 5
producto 147/202: Rasuradora portatil recargable · simple · qty 6
producto 148/202: Sabana camera 100% luxury home · variable · gris 2, beige 3, rosado 3, blanco 3
producto 149/202: Set de 2 alfombras para cocina 3d · simple · qty 2
producto 150/202: Set de 2 alfombras para cocina 3d · simple · qty 1
producto 151/202: Set de 2 alfombras para cocina 3d · simple · qty 1
producto 152/202: Set de 2 alfombras para cocina 3d · simple · qty 1
producto 153/202: Set de 2 alfombras para cocina 3d · simple · qty 1
producto 154/202: Set de 2 alfombras para cocina 3d · simple · qty 1
producto 155/202: Set de cortina de baño + alfombra · variable · azul 0, gris 1, morado 1, rosado 1, amarillo 1
producto 156/202: Set de utensilios para cocina (5 piezas) · simple · qty 5
producto 157/202: Shampo + Acondicionador Oggy de Romero · simple · qty 1
producto 158/202: Silla de oficina (23_222) · simple · qty 4
producto 159/202: Perchero Multifuncional 160x36x173cm · simple · qty 8
producto 160/202: Power bank · simple · qty 2
producto 161/202: Protector de colchón king · simple · qty 2
producto 162/202: Puerta de corredera (blanca) · simple · qty 2
producto 163/202: Rallador · variable · azul 0, morado 1, rosado 0, naranja 0
producto 164/202: Rasuradora portátil facial · simple · qty 2
producto 165/202: Riñonera · variable · verde 1
producto 166/202: Set de 2 alfombras para baño · variable · rojo 1, azul 1, negro 1, gris 1, morado 0, carmelita 1, beige 1, azul-marino 1, gris-oscuro 1
producto 167/202: Set de 2 alfombras para cocina 3d · simple · qty 2
producto 168/202: Set de 2 alfombras para cocina 3d · simple · qty 0
producto 169/202: Set de 2 alfombras para cocina 3d · simple · qty 1
producto 170/202: Set de 2 alfombras para cocina 3d · simple · qty 1
producto 171/202: Set de 2 alfombras para cocina 3d · simple · qty 1
producto 172/202: Set de alfombras para baño (3 piezas) · variable · rojo 1, gris 2, carmelita 1, beige 0, rosado 2, azul-claro 0, hueso 0
producto 173/202: Set de cuchillos 🔪 Con tabla · simple · qty 2
producto 174/202: Set para baño 3 piezas, alfombra cesta y cortina · variable · azul 0, carmelita 0, rosado 1, turquesa-oscuro 1, rojo-vino 1, azul-marino 1, verde-menta 0
producto 175/202: Shampoo 2 en 1 · simple · qty 5
producto 176/202: Sobrecama king · variable · beige 1, blanco 0
producto 177/202: Sobrecama Queen · variable · verde 1, gris 1, beige 1, blanco 1
producto 178/202: Sombrilla rectangular para interior de auto · simple · qty 4
producto 179/202: Soporte TV 14”-42” · simple · qty 1
producto 180/202: Tabla de Planchar con Soporte para Plancha · simple · qty 1
producto 181/202: Tendedero multifuncional plegable de acero · simple · qty 2
producto 182/202: Termo térmico 1L · variable · rojo 0, azul 1
producto 183/202: Toalla Cisne Blanco 70x140 cm (azul) · simple · qty 7
producto 184/202: Toallas Cisne Blanco 40x70 · variable · verde 8, azul 8, rosado 8, blanco 6, gris-oscuro 0, beige-oscuro 8
producto 185/202: Utensilios de silicona con cuchillos · variable · rosado 0
producto 186/202: Válvula de paso miniHH 1/2" GPLP83 (hembra-macho)) · simple · qty 1
producto 187/202: Ventilador recargable F6 (negro) · simple · qty 1
producto 188/202: Zapatera 4 niveles · simple · qty 5
producto 189/202: 🎄 Casas en Miniatura – 8 cm c- 89045 · simple · qty 1
producto 190/202: Sobrecama lisa full · variable · verde 0, gris 1, morado 1, carmelita 1, beige 1, rosado 0, blanco 0, salmon 1, gris-oscuro 0
producto 191/202: Sobrecama tiwn · variable · verde 1, gris 1, bw-1 1
producto 192/202: Soporte de TV 40"x80" · simple · qty 4
producto 193/202: Soporte TV 14”-55” · simple · qty 0
producto 194/202: Tabla de Planchar con Soporte para Plancha · simple · qty 2
producto 195/202: Tendedero Plegable Rosa · simple · qty 2
producto 196/202: Toalla 100% algodón 70x130 cm · simple · qty 2
producto 197/202: Toalla Cisne Blanco 70x140 cm (rosada) · simple · qty 2
producto 198/202: Toallas pequeña · simple · qty 3
producto 199/202: Válvula de paso mini HH 1/2 " GPLP83 (hembra) · simple · qty 4
producto 200/202: Ventilador recargable F6 (naranja) · simple · qty 1
producto 201/202: Ventilador recargable F6 (verde) · simple · qty 1
producto 202/202: Zapatera 5 niveles · simple · qty 1
BizneCubano: 202 productos · WooCommerce: 201 productos
